// Jest Snapshot v1, https://goo.gl/fbAQLP

exports[`renders homepage unchanged 1`] = `
<div>
  <div
    class="container"
  >
    <main
      class="main"
    >
      <h2>
        Good morning user!
      </h2>
      <ul>
        <li>
          The number of the day is: 
          7
        </li>
        <li>
          The letter of the day is: 
          A
        </li>
      </ul>
      <div>
        <span>
          NO it is not the weekend
        </span>
      </div>
      <section>
        <div
          class="bg-black text-white h-240 w-80"
        >
          <h3>
            3:45 PM
          </h3>
          <p>
            current day and date
          </p>
        </div>
      </section>
      <section>
        <div
          class="bg-blue-700 text-white h-240 w-80"
        >
          <span
            style="box-sizing: border-box; display: inline-block; overflow: hidden; background: none; opacity: 1; border: 0px; margin: 0px; padding: 0px; position: relative; max-width: 100%;"
          >
            <span
              style="box-sizing: border-box; display: block; background: none; opacity: 1; border: 0px; margin: 0px; padding: 0px; max-width: 100%;"
            >
              <img
                alt=""
                aria-hidden="true"
                src="data:image/svg+xml,%3csvg%20xmlns=%27http://www.w3.org/2000/svg%27%20version=%271.1%27%20width=%2796%27%20height=%2796%27/%3e"
                style="display: block; max-width: 100%; background: none; opacity: 1; border: 0px; margin: 0px; padding: 0px;"
              />
            </span>
            <img
              alt="doodle art"
              data-nimg="intrinsic"
              decoding="async"
              src="data:image/gif;base64,R0lGODlhAQABAIAAAAAAAP///yH5BAEAAAAALAAAAAABAAEAAAIBRAA7"
              style="position: absolute; top: 0px; left: 0px; bottom: 0px; right: 0px; box-sizing: border-box; padding: 0px; margin: auto; display: block; width: 0px; height: 0px; min-width: 100%; max-width: 100%; min-height: 100%; max-height: 100%;"
            />
            <noscript />
          </span>
        </div>
      </section>
      <section>
        <div
          class="bg-purple-300 text-blue-700 h-240 w-80"
        >
          <ul>
            Content Items:
            <li
              title="news"
            >
              news
            </li>
            <li>
              bookmarks
            </li>
            <li>
              notepad
            </li>
          </ul>
        </div>
      </section>
    </main>
    <footer
      class="footer"
    >
      <h4>
        This is the footer.
      </h4>
    </footer>
  </div>
</div>
`;
